// Jest Snapshot v1, https://goo.gl/fbAQLP

exports[`RouletteGun Component renders the UI as expected 1`] = `
<div
  className="RouletteGun"
>
  <button
    onClick={[Function]}
  >
    Pull the trigger!
  </button>
  <br />
  <p>
    You're safe...for now!
  </p>
</div>
`;
